Hook registered
Hook registered
Hook registered
Hook registered
Hook registered
Hook registered
Hook registered
Hook registered
Hook registered
Hook registered
Hook registered
Hook registered
Hook registered
Hook registered
Hook registered
Hook registered
Hook registered
pm_schedule_price_update called
Schedule result: true
Timestamp: 1784925300
Date: 2026-07-24 20:35:00
Current: 2026-07-24 17:32:46
-----------------
Hook registered
Hook registered
Hook registered
Hook registered
Hook registered
Hook registered
Hook registered
Hook registered
Hook registered
Hook registered
Hook registered
Hook registered
Hook registered
Hook registered
Hook registered
Hook registered
Hook registered
Hook registered
Hook registered
Hook registered
Hook registered
Hook registered
Hook registered
Hook registered
Hook registered
Hook registered
Hook registered
Hook registered
Hook registered
Hook registered
Hook registered
Hook registered
pm_schedule_price_update called
Schedule result: true
Timestamp: 1784926440
Date: 2026-07-24 20:54:00
Current: 2026-07-24 17:52:58
-----------------
Hook registered
Hook registered
Hook registered
Hook registered
Hook registered
Hook registered
Hook registered
Hook registered
Hook registered
Hook registered
Hook registered
Hook registered
Hook registered
Hook registered
Hook registered
Hook registered
Hook registered
Hook registered
Hook registered
Hook registered
Hook registered
Hook registered
Hook registered
Hook registered
Hook registered
Hook registered
Hook registered
Hook registered
Hook registered
Hook registered
Hook registered
Hook registered
Hook registered
Hook registered
Hook registered
Hook registered
Hook registered
Hook registered
Hook registered
Hook registered
Hook registered
Hook registered
Hook registered
Hook registered
Hook registered
Hook registered
2026-07-24 17:59:50 pm_update_all_prices started
Hook registered
Hook registered
Hook registered
Hook registered
Hook registered
Hook registered
Hook registered
Hook registered
Hook registered
Hook registered
Hook registered
Hook registered
Hook registered
Hook registered
Hook registered
Hook registered
Hook registered
Hook registered
Hook registered
Hook registered
Hook registered
Hook registered
Hook registered
Hook registered
Hook registered
Hook registered
Hook registered
Hook registered
Hook registered
Hook registered
Hook registered
Hook registered
Hook registered
Hook registered
Hook registered
Hook registered
Hook registered
Hook registered
Hook registered
Hook registered
Hook registered
Hook registered
Hook registered
Hook registered
Hook registered
Hook registered
Hook registered
Hook registered
Hook registered
Hook registered
Hook registered
Hook registered
Hook registered
Hook registered
Hook registered
Hook registered
Hook registered
Hook registered
Hook registered
Hook registered
Hook registered
Hook registered
Hook registered
Hook registered
Hook registered
Hook registered
Hook registered
Hook registered
Hook registered
pm_schedule_price_update called
Hook registered
Hook registered
pm_schedule_price_update called
Schedule result: true
Timestamp: 1784932560
Date: 2026-07-24 22:36:00
Current: 2026-07-24 19:34:49
-----------------
Hook registered
Hook registered
Hook registered
Hook registered
Hook registered
Hook registered
Hook registered
Hook registered
Hook registered
Hook registered
Hook registered
Hook registered
Hook registered
Hook registered
Hook registered
Hook registered
Hook registered
Hook registered
Hook registered
Hook registered
Hook registered
Hook registered
Hook registered
Hook registered
Hook registered
Hook registered
Hook registered
Hook registered
Hook registered
Hook registered
Hook registered
Hook registered
Hook registered
Hook registered
Hook registered
Hook registered
Hook registered
Hook registered
Hook registered
Hook registered
Hook registered
pm_schedule_price_update called
Schedule result: true
Timestamp: 1785010920
Date: 2026-07-25 20:22:00
Current: 2026-07-25 17:18:48
-----------------
Hook registered
Hook registered
Hook registered
Hook registered
Hook registered
Hook registered
Hook registered
Hook registered
Hook registered
Hook registered
Hook registered
Hook registered
Hook registered
Hook registered
Hook registered
Hook registered
Hook registered
Hook registered
Hook registered
Hook registered
Hook registered
Hook registered
Hook registered
Hook registered
Hook registered
Hook registered
Hook registered
Hook registered
Hook registered
Hook registered
Hook registered
Hook registered
Hook registered
Hook registered
Hook registered
Hook registered
Hook registered
Hook registered
Hook registered
Hook registered
Hook registered
Hook registered
Hook registered
Hook registered
Hook registered
Hook registered
Hook registered
Hook registered
Hook registered
Hook registered
Hook registered
Hook registered
Hook registered
Hook registered
Hook registered
Hook registered
Hook registered
Hook registered
Hook registered
Hook registered
Hook registered
Hook registered
Hook registered
Hook registered
Hook registered
Hook registered
Hook registered
Hook registered
Hook registered
Hook registered
Hook registered
Hook registered
Hook registered
Hook registered
Hook registered
Hook registered
Hook registered
Hook registered
Hook registered
Hook registered
Hook registered
Hook registered
Hook registered
Hook registered
Hook registered
Hook registered
Hook registered
Hook registered
Hook registered
Hook registered
Hook registered
Hook registered
Hook registered
Hook registered
pm_schedule_price_update called
Schedule result: true
Timestamp: 1785013920
Date: 2026-07-25 21:12:00
Current: 2026-07-25 18:11:00
-----------------
Hook registered
Hook registered
Hook registered
Hook registered
Hook registered
Hook registered
Hook registered
Hook registered
Hook registered
Hook registered
Hook registered
Hook registered
Hook registered
Hook registered
Hook registered
Hook registered
Hook registered
Hook registered
Hook registered
Hook registered
Hook registered
Hook registered
Hook registered
Hook registered
Hook registered
Hook registered
Hook registered
Hook registered
Hook registered
Hook registered
Hook registered
Hook registered
Hook registered
Hook registered
Hook registered
Hook registered
Hook registered
Hook registered
Hook registered
Hook registered
Hook registered
Hook registered
Hook registered
Hook registered
Hook registered
Hook registered
Hook registered
Hook registered
Hook registered
Hook registered
Hook registered
Hook registered
Hook registered
Hook registered
Hook registered
Hook registered
Hook registered
Hook registered
Hook registered
Hook registered
Hook registered
Hook registered
Hook registered
Hook registered
Hook registered
Hook registered
Hook registered
Hook registered
Hook registered
Hook registered
Hook registered
Hook registered
Hook registered
Hook registered
Hook registered
Hook registered
Hook registered
Hook registered
Hook registered
Hook registered
Hook registered
Hook registered
Hook registered
Hook registered
Hook registered
Hook registered
Hook registered
Hook registered
Hook registered
Hook registered
Hook registered
Hook registered
Hook registered
Hook registered
Hook registered
Hook registered
Hook registered
Hook registered
Hook registered
Hook registered
Hook registered
Hook registered
Hook registered
Hook registered
Hook registered
Hook registered
Hook registered
Hook registered
Hook registered
Hook registered
Hook registered
Hook registered
Hook registered
Hook registered
Hook registered
Hook registered
Hook registered
Hook registered
Hook registered
Hook registered
Hook registered
Hook registered
Hook registered
Hook registered
Hook registered
Hook registered
Hook registered
Hook registered
Hook registered
Hook registered
Hook registered
Hook registered
Hook registered
Hook registered
Hook registered
Hook registered
Hook registered
Hook registered
Hook registered
Hook registered
Hook registered
Hook registered
Hook registered
Hook registered
Hook registered
Hook registered
Hook registered
Hook registered
Hook registered
Hook registered
Hook registered
Hook registered
Hook registered
Hook registered
Hook registered
Hook registered
Hook registered
Hook registered
Hook registered
Hook registered
Hook registered
Hook registered
Hook registered
Hook registered
Hook registered
Hook registered
Hook registered
Hook registered
Hook registered
Hook registered
Hook registered
Hook registered
Hook registered
Hook registered
Hook registered
Hook registered
Hook registered
Hook registered
Hook registered
Hook registered
Hook registered
Hook registered
Hook registered
Hook registered
Hook registered
Hook registered
Hook registered
Hook registered
Hook registered
Hook registered
Hook registered
Hook registered
Hook registered
Hook registered
Hook registered
Hook registered
Hook registered
Hook registered
Hook registered
Hook registered
Hook registered
Hook registered
Hook registered
Hook registered
